corrected_email
apnok@wp.pl
afael.rafa@hotmail.com
nnenbba@outlook.com
fhdfshdf@hotmail.com
rcemola30@gmail.com
rcemola30@gmail.com
dam987_3@hotmail.com
unman@hotmail.com
anos-origi@hotmail.com
a9os44@gmail.com
otoskrotos@gmail.com
deepza007@gmail.om
afaelagbra@hotmail.com
uy@gmail.com
mtucu@gmail.com
ptic_xenon@hotmail.com
zan.22.ozt@gmail.com
imothy001@icloud.com
halajmi2@gmai.com
askvirus@yahoo.com
yphly@mail.com
